// Jest Snapshot v1, https://goo.gl/fbAQLP

exports[`template generates correctly 1`] = `
"undefinedtest2
"
`;
