// Jest Snapshot v1, https://goo.gl/fbAQLP

exports[`template generates correctly 1`] = `
"public hello(request: string): Promise<number> {
    return void;
}
"
`;
