// Jest Snapshot v1, https://goo.gl/fbAQLP

exports[`template generates correctly 1`] = `
"line 1
    line 2
    line 3
        line 4
        
        line 5
        line 6
    line 7
"
`;
